../Core/bn008x/test/unity/src/unity.c:88:13:UnityPrintChar	16	static
../Core/bn008x/test/unity/src/unity.c:138:6:UnityPrint	24	static
../Core/bn008x/test/unity/src/unity.c:160:6:UnityPrintLen	24	static
../Core/bn008x/test/unity/src/unity.c:198:6:UnityPrintIntNumberByStyle	16	static
../Core/bn008x/test/unity/src/unity.c:245:6:UnityPrintUintNumberByStyle	16	static
../Core/bn008x/test/unity/src/unity.c:260:6:UnityPrintNumber	24	static
../Core/bn008x/test/unity/src/unity.c:275:6:UnityPrintNumberUnsigned	24	static
../Core/bn008x/test/unity/src/unity.c:294:6:UnityPrintNumberHex	24	static
../Core/bn008x/test/unity/src/unity.c:320:6:UnityPrintMask	24	static
../Core/bn008x/test/unity/src/unity.c:355:6:UnityPrintFloat	72	static
../Core/bn008x/test/unity/src/unity.c:521:13:UnityTestResultsBegin	16	static
../Core/bn008x/test/unity/src/unity.c:564:13:UnityTestResultsFailBegin	16	static
../Core/bn008x/test/unity/src/unity.c:572:6:UnityConcludeTest	8	static
../Core/bn008x/test/unity/src/unity.c:596:13:UnityAddMsgIfSpecified	16	static
../Core/bn008x/test/unity/src/unity.c:650:13:UnityPrintExpectedAndActualStrings	16	static
../Core/bn008x/test/unity/src/unity.c:677:13:UnityPrintExpectedAndActualStringsLen	24	static
../Core/bn008x/test/unity/src/unity.c:710:12:UnityIsOneArrayNull	24	static
../Core/bn008x/test/unity/src/unity.c:744:6:UnityAssertBits	24	static
../Core/bn008x/test/unity/src/unity.c:765:6:UnityAssertEqualIntNumber	24	static
../Core/bn008x/test/unity/src/unity.c:785:6:UnityAssertEqualUintNumber	24	static
../Core/bn008x/test/unity/src/unity.c:805:6:UnityAssertIntGreaterOrLessOrEqualNumber	32	static
../Core/bn008x/test/unity/src/unity.c:835:6:UnityAssertUintGreaterOrLessOrEqualNumber	32	static
../Core/bn008x/test/unity/src/unity.c:875:6:UnityAssertEqualIntArray	48	static
../Core/bn008x/test/unity/src/unity.c:1019:12:UnityFloatsWithin	32	static
../Core/bn008x/test/unity/src/unity.c:1026:6:UnityAssertWithinFloatArray	56	static
../Core/bn008x/test/unity/src/unity.c:1106:6:UnityAssertFloatsWithin	32	static
../Core/bn008x/test/unity/src/unity.c:1126:6:UnityAssertFloatsNotWithin	32	static
../Core/bn008x/test/unity/src/unity.c:1147:6:UnityAssertGreaterOrLessFloat	40	static
../Core/bn008x/test/unity/src/unity.c:1181:6:UnityAssertFloatSpecial	64	static
../Core/bn008x/test/unity/src/unity.c:1477:6:UnityAssertIntNumbersWithin	24	static
../Core/bn008x/test/unity/src/unity.c:1509:6:UnityAssertUintNumbersWithin	24	static
../Core/bn008x/test/unity/src/unity.c:1542:6:UnityAssertNumbersArrayWithin	48	static
../Core/bn008x/test/unity/src/unity.c:1706:6:UnityAssertEqualString	32	static
../Core/bn008x/test/unity/src/unity.c:1745:6:UnityAssertEqualStringLen	32	static
../Core/bn008x/test/unity/src/unity.c:1785:6:UnityAssertEqualStringArray	40	static
../Core/bn008x/test/unity/src/unity.c:1868:6:UnityAssertEqualMemory	40	static
../Core/bn008x/test/unity/src/unity.c:1957:20:UnityNumToPtr	16	static
../Core/bn008x/test/unity/src/unity.c:1983:20:UnityFloatToPtr	16	static
../Core/bn008x/test/unity/src/unity.c:2239:6:UnityFail	16	static
../Core/bn008x/test/unity/src/unity.c:2251:6:UnityIgnore	16	static
../Core/bn008x/test/unity/src/unity.c:2267:6:UnityMessage	16	static
../Core/bn008x/test/unity/src/unity.c:2283:6:UnityDefaultTestRun	24	static
../Core/bn008x/test/unity/src/unity.c:2311:6:UnitySetTestFile	16	static
../Core/bn008x/test/unity/src/unity.c:2317:6:UnityBegin	16	static
../Core/bn008x/test/unity/src/unity.c:2333:5:UnityEnd	8	static
